src/app/routes/AppRouter.tsx(17,8): error TS2322: Type '{ children: Element; $flex: true; $align: string; $justify: string; $height: string; }' is not assignable to type 'IntrinsicAttributes & BoxProps & RefAttributes<HTMLElement>'.
  Property '$flex' does not exist on type 'IntrinsicAttributes & BoxProps & RefAttributes<HTMLElement>'. Did you mean 'flex'?
src/app/routes/AppRouter.tsx(18,14): error TS2322: Type 'string' is not assignable to type 'number'.
src/entities/room/ui/RoomItem.tsx(29,13): error TS2322: Type '{ children: Element; $interactive: true; $padding: string; $shadow: string; $rounded: string; onClick: () => void; }' is not assignable to type 'IntrinsicAttributes & CardProps'.
  Property '$interactive' does not exist on type 'IntrinsicAttributes & CardProps'. Did you mean 'interactive'?
src/entities/room/ui/RoomItem.tsx(30,14): error TS2322: Type '{ children: Element[]; $flex: true; $direction: string; $justify: string; $gap: string; $minHeight: string; $touchTargets: true; }' is not assignable to type 'IntrinsicAttributes & BoxProps & RefAttributes<HTMLElement>'.
  Property '$flex' does not exist on type 'IntrinsicAttributes & BoxProps & RefAttributes<HTMLElement>'. Did you mean 'flex'?
src/entities/room/ui/RoomItem.tsx(32,16): error TS2322: Type '{ children: Element[]; $flex: true; $direction: string; $gap: string; $p: string; }' is not assignable to type 'IntrinsicAttributes & BoxProps & RefAttributes<HTMLElement>'.
  Property '$flex' does not exist on type 'IntrinsicAttributes & BoxProps & RefAttributes<HTMLElement>'. Did you mean 'flex'?
src/entities/room/ui/RoomItem.tsx(33,18): error TS2322: Type '{ children: Element[]; $flex: true; $align: string; $justify: string; }' is not assignable to type 'IntrinsicAttributes & BoxProps & RefAttributes<HTMLElement>'.
  Property '$flex' does not exist on type 'IntrinsicAttributes & BoxProps & RefAttributes<HTMLElement>'. Did you mean 'flex'?
src/entities/room/ui/RoomItem.tsx(34,27): error TS2322: Type '{ children: string; $size: string; $weight: string; $pointer: true; }' is not assignable to type 'IntrinsicAttributes & TypographyProps & RefAttributes<HTMLElement>'.
  Property '$size' does not exist on type 'IntrinsicAttributes & TypographyProps & RefAttributes<HTMLElement>'. Did you mean 'size'?
src/entities/room/ui/RoomItem.tsx(41,15): error TS2322: Type '{ children: string; $color: string; $size: string; $pointer: true; style: { lineHeight: string; display: "-webkit-box"; WebkitLineClamp: number; WebkitBoxOrient: "vertical"; overflow: "hidden"; }; }' is not assignable to type 'IntrinsicAttributes & TypographyProps & RefAttributes<HTMLElement>'.
  Property '$color' does not exist on type 'IntrinsicAttributes & TypographyProps & RefAttributes<HTMLElement>'. Did you mean 'color'?
src/entities/room/ui/RoomItem.tsx(58,13): error TS2322: Type '{ children: Element[]; $flex: true; $direction: string; $tabletDirection: string; $justify: string; $gap: string; $pt: string; style: { borderTop: string; }; }' is not assignable to type 'IntrinsicAttributes & BoxProps & RefAttributes<HTMLElement>'.
  Property '$flex' does not exist on type 'IntrinsicAttributes & BoxProps & RefAttributes<HTMLElement>'. Did you mean 'flex'?
src/entities/room/ui/RoomItem.tsx(70,17): error TS2322: Type '{ children: Element; $variant: string; $size: string; onClick: (e: MouseEvent<HTMLButtonElement, MouseEvent>) => void; style: { ...; }; }' is not assignable to type 'IntrinsicAttributes & ButtonProps & RefAttributes<HTMLButtonElement>'.
  Property '$variant' does not exist on type 'IntrinsicAttributes & ButtonProps & RefAttributes<HTMLButtonElement>'. Did you mean 'variant'?
src/entities/room/ui/RoomItem.tsx(81,22): error TS2322: Type '{ children: Element[]; $flex: true; $align: string; $justify: string; $gap: string; }' is not assignable to type 'IntrinsicAttributes & BoxProps & RefAttributes<HTMLElement>'.
  Property '$flex' does not exist on type 'IntrinsicAttributes & BoxProps & RefAttributes<HTMLElement>'. Did you mean 'flex'?
src/entities/room/ui/RoomItem.tsx(83,31): error TS2322: Type '{ children: string; $color: string; $size: string; }' is not assignable to type 'IntrinsicAttributes & TypographyProps & RefAttributes<HTMLElement>'.
  Property '$color' does not exist on type 'IntrinsicAttributes & TypographyProps & RefAttributes<HTMLElement>'. Did you mean 'color'?
src/entities/room/ui/RoomItem.tsx(92,17): error TS2322: Type '{ children: Element; $variant: string; $size: string; onClick: (e: MouseEvent<HTMLButtonElement, MouseEvent>) => void; style: { ...; }; }' is not assignable to type 'IntrinsicAttributes & ButtonProps & RefAttributes<HTMLButtonElement>'.
  Property '$variant' does not exist on type 'IntrinsicAttributes & ButtonProps & RefAttributes<HTMLButtonElement>'. Did you mean 'variant'?
src/features/fortune/ui/FortuneHistoryDataBoundary.tsx(53,20): error TS2322: Type '{ children: (Element | undefined)[]; $flex: true; direction: "column"; gap: "md"; align: "center"; }' is not assignable to type 'IntrinsicAttributes & BoxProps & RefAttributes<HTMLElement>'.
  Property '$flex' does not exist on type 'IntrinsicAttributes & BoxProps & RefAttributes<HTMLElement>'. Did you mean 'flex'?
src/features/fortune/ui/FortuneHistoryDataBoundary.tsx(60,28): error TS2322: Type '{ children: (string | Element)[]; $flex: true; align: "center"; gap: "sm"; }' is not assignable to type 'IntrinsicAttributes & BoxProps & RefAttributes<HTMLElement>'.
  Property '$flex' does not exist on type 'IntrinsicAttributes & BoxProps & RefAttributes<HTMLElement>'. Did you mean 'flex'?
src/features/fortune/ui/FortuneHistoryDataBoundary.tsx(119,23): error TS2769: No overload matches this call.
  Overload 1 of 2, '(props: PolymorphicComponentProps<"web", Substitute<DetailedHTMLProps<HTMLAttributes<HTMLDivElement>, HTMLDivElement>, { $width: string; }>, void, void, {}, {}>): Element', gave the following error.
    Type '{ width: string; }' is not assignable to type 'IntrinsicAttributes & FastOmit<Substitute<Substitute<DetailedHTMLProps<HTMLAttributes<HTMLDivElement>, HTMLDivElement>, { ...; }>, FastOmit<...>>, keyof ExecutionProps> & FastOmit<...> & { ...; }'.
      Property 'width' does not exist on type 'IntrinsicAttributes & FastOmit<Substitute<Substitute<DetailedHTMLProps<HTMLAttributes<HTMLDivElement>, HTMLDivElement>, { ...; }>, FastOmit<...>>, keyof ExecutionProps> & FastOmit<...> & { ...; }'. Did you mean '$width'?
  Overload 2 of 2, '(props: Substitute<DetailedHTMLProps<HTMLAttributes<HTMLDivElement>, HTMLDivElement>, { $width: string; }>): ReactNode', gave the following error.
    Type '{ width: string; }' is not assignable to type 'IntrinsicAttributes & FastOmit<DetailedHTMLProps<HTMLAttributes<HTMLDivElement>, HTMLDivElement>, "$width"> & { ...; }'.
      Property 'width' does not exist on type 'IntrinsicAttributes & FastOmit<DetailedHTMLProps<HTMLAttributes<HTMLDivElement>, HTMLDivElement>, "$width"> & { ...; }'. Did you mean '$width'?
src/features/fortune/ui/FortuneHistoryDataBoundary.tsx(120,23): error TS2769: No overload matches this call.
  Overload 1 of 2, '(props: PolymorphicComponentProps<"web", Substitute<DetailedHTMLProps<HTMLAttributes<HTMLDivElement>, HTMLDivElement>, { $width: string; }>, void, void, {}, {}>): Element', gave the following error.
    Type '{ width: string; }' is not assignable to type 'IntrinsicAttributes & FastOmit<Substitute<Substitute<DetailedHTMLProps<HTMLAttributes<HTMLDivElement>, HTMLDivElement>, { ...; }>, FastOmit<...>>, keyof ExecutionProps> & FastOmit<...> & { ...; }'.
      Property 'width' does not exist on type 'IntrinsicAttributes & FastOmit<Substitute<Substitute<DetailedHTMLProps<HTMLAttributes<HTMLDivElement>, HTMLDivElement>, { ...; }>, FastOmit<...>>, keyof ExecutionProps> & FastOmit<...> & { ...; }'. Did you mean '$width'?
  Overload 2 of 2, '(props: Substitute<DetailedHTMLProps<HTMLAttributes<HTMLDivElement>, HTMLDivElement>, { $width: string; }>): ReactNode', gave the following error.
    Type '{ width: string; }' is not assignable to type 'IntrinsicAttributes & FastOmit<DetailedHTMLProps<HTMLAttributes<HTMLDivElement>, HTMLDivElement>, "$width"> & { ...; }'.
      Property 'width' does not exist on type 'IntrinsicAttributes & FastOmit<DetailedHTMLProps<HTMLAttributes<HTMLDivElement>, HTMLDivElement>, "$width"> & { ...; }'. Did you mean '$width'?
src/features/fortune/ui/FortuneHistoryDataBoundary.tsx(121,23): error TS2769: No overload matches this call.
  Overload 1 of 2, '(props: PolymorphicComponentProps<"web", Substitute<DetailedHTMLProps<HTMLAttributes<HTMLDivElement>, HTMLDivElement>, { $width: string; }>, void, void, {}, {}>): Element', gave the following error.
    Type '{ width: string; }' is not assignable to type 'IntrinsicAttributes & FastOmit<Substitute<Substitute<DetailedHTMLProps<HTMLAttributes<HTMLDivElement>, HTMLDivElement>, { ...; }>, FastOmit<...>>, keyof ExecutionProps> & FastOmit<...> & { ...; }'.
      Property 'width' does not exist on type 'IntrinsicAttributes & FastOmit<Substitute<Substitute<DetailedHTMLProps<HTMLAttributes<HTMLDivElement>, HTMLDivElement>, { ...; }>, FastOmit<...>>, keyof ExecutionProps> & FastOmit<...> & { ...; }'. Did you mean '$width'?
  Overload 2 of 2, '(props: Substitute<DetailedHTMLProps<HTMLAttributes<HTMLDivElement>, HTMLDivElement>, { $width: string; }>): ReactNode', gave the following error.
    Type '{ width: string; }' is not assignable to type 'IntrinsicAttributes & FastOmit<DetailedHTMLProps<HTMLAttributes<HTMLDivElement>, HTMLDivElement>, "$width"> & { ...; }'.
      Property 'width' does not exist on type 'IntrinsicAttributes & FastOmit<DetailedHTMLProps<HTMLAttributes<HTMLDivElement>, HTMLDivElement>, "$width"> & { ...; }'. Did you mean '$width'?
src/features/fortune/ui/FortuneHistoryDataBoundary.tsx(131,27): error TS2769: No overload matches this call.
  Overload 1 of 2, '(props: PolymorphicComponentProps<"web", Substitute<DetailedHTMLProps<HTMLAttributes<HTMLDivElement>, HTMLDivElement>, { $width: string; }>, void, void, {}, {}>): Element', gave the following error.
    Type '{ width: string; }' is not assignable to type 'IntrinsicAttributes & FastOmit<Substitute<Substitute<DetailedHTMLProps<HTMLAttributes<HTMLDivElement>, HTMLDivElement>, { ...; }>, FastOmit<...>>, keyof ExecutionProps> & FastOmit<...> & { ...; }'.
      Property 'width' does not exist on type 'IntrinsicAttributes & FastOmit<Substitute<Substitute<DetailedHTMLProps<HTMLAttributes<HTMLDivElement>, HTMLDivElement>, { ...; }>, FastOmit<...>>, keyof ExecutionProps> & FastOmit<...> & { ...; }'. Did you mean '$width'?
  Overload 2 of 2, '(props: Substitute<DetailedHTMLProps<HTMLAttributes<HTMLDivElement>, HTMLDivElement>, { $width: string; }>): ReactNode', gave the following error.
    Type '{ width: string; }' is not assignable to type 'IntrinsicAttributes & FastOmit<DetailedHTMLProps<HTMLAttributes<HTMLDivElement>, HTMLDivElement>, "$width"> & { ...; }'.
      Property 'width' does not exist on type 'IntrinsicAttributes & FastOmit<DetailedHTMLProps<HTMLAttributes<HTMLDivElement>, HTMLDivElement>, "$width"> & { ...; }'. Did you mean '$width'?
src/features/fortune/ui/FortuneHistoryDataBoundary.tsx(132,27): error TS2769: No overload matches this call.
  Overload 1 of 2, '(props: PolymorphicComponentProps<"web", Substitute<DetailedHTMLProps<HTMLAttributes<HTMLDivElement>, HTMLDivElement>, { $width: string; }>, void, void, {}, {}>): Element', gave the following error.
    Type '{ width: string; }' is not assignable to type 'IntrinsicAttributes & FastOmit<Substitute<Substitute<DetailedHTMLProps<HTMLAttributes<HTMLDivElement>, HTMLDivElement>, { ...; }>, FastOmit<...>>, keyof ExecutionProps> & FastOmit<...> & { ...; }'.
      Property 'width' does not exist on type 'IntrinsicAttributes & FastOmit<Substitute<Substitute<DetailedHTMLProps<HTMLAttributes<HTMLDivElement>, HTMLDivElement>, { ...; }>, FastOmit<...>>, keyof ExecutionProps> & FastOmit<...> & { ...; }'. Did you mean '$width'?
  Overload 2 of 2, '(props: Substitute<DetailedHTMLProps<HTMLAttributes<HTMLDivElement>, HTMLDivElement>, { $width: string; }>): ReactNode', gave the following error.
    Type '{ width: string; }' is not assignable to type 'IntrinsicAttributes & FastOmit<DetailedHTMLProps<HTMLAttributes<HTMLDivElement>, HTMLDivElement>, "$width"> & { ...; }'.
      Property 'width' does not exist on type 'IntrinsicAttributes & FastOmit<DetailedHTMLProps<HTMLAttributes<HTMLDivElement>, HTMLDivElement>, "$width"> & { ...; }'. Did you mean '$width'?
src/features/fortune/ui/FortuneHistoryDataBoundary.tsx(133,27): error TS2769: No overload matches this call.
  Overload 1 of 2, '(props: PolymorphicComponentProps<"web", Substitute<DetailedHTMLProps<HTMLAttributes<HTMLDivElement>, HTMLDivElement>, { $width: string; }>, void, void, {}, {}>): Element', gave the following error.
    Type '{ width: string; }' is not assignable to type 'IntrinsicAttributes & FastOmit<Substitute<Substitute<DetailedHTMLProps<HTMLAttributes<HTMLDivElement>, HTMLDivElement>, { ...; }>, FastOmit<...>>, keyof ExecutionProps> & FastOmit<...> & { ...; }'.
      Property 'width' does not exist on type 'IntrinsicAttributes & FastOmit<Substitute<Substitute<DetailedHTMLProps<HTMLAttributes<HTMLDivElement>, HTMLDivElement>, { ...; }>, FastOmit<...>>, keyof ExecutionProps> & FastOmit<...> & { ...; }'. Did you mean '$width'?
  Overload 2 of 2, '(props: Substitute<DetailedHTMLProps<HTMLAttributes<HTMLDivElement>, HTMLDivElement>, { $width: string; }>): ReactNode', gave the following error.
    Type '{ width: string; }' is not assignable to type 'IntrinsicAttributes & FastOmit<DetailedHTMLProps<HTMLAttributes<HTMLDivElement>, HTMLDivElement>, "$width"> & { ...; }'.
      Property 'width' does not exist on type 'IntrinsicAttributes & FastOmit<DetailedHTMLProps<HTMLAttributes<HTMLDivElement>, HTMLDivElement>, "$width"> & { ...; }'. Did you mean '$width'?
src/features/fortune/ui/FortuneHistoryTable.tsx(4,22): error TS6133: 'Box' is declared but its value is never read.
src/features/fortune/ui/LuckyModal.tsx(105,11): error TS2322: Type '"surface"' is not assignable to type '"black" | "transparent" | "white" | "surfaceLight" | "surfaceDark" | "primary" | "secondary" | "elevated" | null | undefined'.
src/features/fortune/ui/LuckyModal.tsx(106,11): error TS2322: Type '"xl"' is not assignable to type '"none" | "sm" | "md" | "lg" | "full" | null | undefined'.
src/features/fortune/ui/LuckyModal.tsx(150,21): error TS2322: Type '{ children: Element[]; id: string; size: "xl"; weight: "bold"; color: "white"; $pointer: true; role: "heading"; "aria-level": number; $noWrap: true; }' is not assignable to type 'IntrinsicAttributes & TypographyProps & RefAttributes<HTMLElement>'.
  Property '$pointer' does not exist on type 'IntrinsicAttributes & TypographyProps & RefAttributes<HTMLElement>'. Did you mean 'pointer'?
src/features/fortune/ui/LuckyModal.tsx(166,31): error TS2322: Type '{ children: Element; width: "100%"; maxWidth: string; }' is not assignable to type 'IntrinsicAttributes & BoxProps & RefAttributes<HTMLElement>'.
  Property 'maxWidth' does not exist on type 'IntrinsicAttributes & BoxProps & RefAttributes<HTMLElement>'.
src/features/fortune/ui/LuckyModal.tsx(168,22): error TS2322: Type '{ children: Element[]; $flex: true; direction: "column"; gap: "sm"; align: "center"; }' is not assignable to type 'IntrinsicAttributes & BoxProps & RefAttributes<HTMLElement>'.
  Property '$flex' does not exist on type 'IntrinsicAttributes & BoxProps & RefAttributes<HTMLElement>'. Did you mean 'flex'?
src/features/fortune/ui/LuckyModal.tsx(169,24): error TS2322: Type '{ children: Element[]; $flex: true; align: "center"; gap: "sm"; }' is not assignable to type 'IntrinsicAttributes & BoxProps & RefAttributes<HTMLElement>'.
  Property '$flex' does not exist on type 'IntrinsicAttributes & BoxProps & RefAttributes<HTMLElement>'. Did you mean 'flex'?
src/features/fortune/ui/LuckyModal.tsx(184,13): error TS2322: Type '{ children: Element[]; $flex: true; gap: "md"; width: "100%"; justify: "center"; style: { flexDirection: "row" | "column"; }; }' is not assignable to type 'IntrinsicAttributes & BoxProps & RefAttributes<HTMLElement>'.
  Property '$flex' does not exist on type 'IntrinsicAttributes & BoxProps & RefAttributes<HTMLElement>'. Did you mean 'flex'?
src/features/fortune/ui/LuckyModal.tsx(201,22): error TS2322: Type '{ children: (string | false | Element)[]; $flex: true; align: "center"; gap: "sm"; }' is not assignable to type 'IntrinsicAttributes & BoxProps & RefAttributes<HTMLElement>'.
  Property '$flex' does not exist on type 'IntrinsicAttributes & BoxProps & RefAttributes<HTMLElement>'. Did you mean 'flex'?
src/features/fortune/ui/WheelOfFortune.tsx(106,67): error TS2322: Type '{ children: string; color: "white"; size: "lg"; weight: "semibold"; $pointer: true; }' is not assignable to type 'IntrinsicAttributes & TypographyProps & RefAttributes<HTMLElement>'.
  Property '$pointer' does not exist on type 'IntrinsicAttributes & TypographyProps & RefAttributes<HTMLElement>'. Did you mean 'pointer'?
src/features/fortune/ui/__tests__/FortuneHistoryTable.test.tsx(6,1): error TS2708: Cannot use namespace 'jest' as a value.
src/features/fortune/ui/__tests__/FortuneHistoryTable.test.tsx(10,1): error TS2582: Cannot find name 'describe'. Do you need to install type definitions for a test runner? Try `npm i --save-dev @types/jest` or `npm i --save-dev @types/mocha`.
src/features/fortune/ui/__tests__/FortuneHistoryTable.test.tsx(11,3): error TS2582: Cannot find name 'it'. Do you need to install type definitions for a test runner? Try `npm i --save-dev @types/jest` or `npm i --save-dev @types/mocha`.
src/features/fortune/ui/__tests__/FortuneHistoryTable.test.tsx(12,33): error TS2694: Namespace 'global.jest' has no exported member 'Mock'.
src/features/fortune/ui/__tests__/FortuneHistoryTable.test.tsx(16,14): error TS2708: Cannot use namespace 'jest' as a value.
src/features/fortune/ui/__tests__/FortuneHistoryTable.test.tsx(25,5): error TS2304: Cannot find name 'expect'.
src/features/fortune/ui/__tests__/FortuneHistoryTable.test.tsx(28,3): error TS2582: Cannot find name 'it'. Do you need to install type definitions for a test runner? Try `npm i --save-dev @types/jest` or `npm i --save-dev @types/mocha`.
src/features/fortune/ui/__tests__/FortuneHistoryTable.test.tsx(29,33): error TS2694: Namespace 'global.jest' has no exported member 'Mock'.
src/features/fortune/ui/__tests__/FortuneHistoryTable.test.tsx(33,14): error TS2708: Cannot use namespace 'jest' as a value.
src/features/fortune/ui/__tests__/FortuneHistoryTable.test.tsx(42,5): error TS2304: Cannot find name 'expect'.
src/features/fortune/ui/__tests__/WheelOfFortune.test.tsx(10,1): error TS2582: Cannot find name 'describe'. Do you need to install type definitions for a test runner? Try `npm i --save-dev @types/jest` or `npm i --save-dev @types/mocha`.
src/features/fortune/ui/__tests__/WheelOfFortune.test.tsx(11,3): error TS2582: Cannot find name 'it'. Do you need to install type definitions for a test runner? Try `npm i --save-dev @types/jest` or `npm i --save-dev @types/mocha`.
src/features/fortune/ui/__tests__/WheelOfFortune.test.tsx(17,5): error TS2304: Cannot find name 'expect'.
src/features/fortune/ui/__tests__/WheelOfFortune.test.tsx(18,5): error TS2304: Cannot find name 'expect'.
src/features/fortune/ui/__tests__/WheelOfFortune.test.tsx(21,3): error TS2582: Cannot find name 'it'. Do you need to install type definitions for a test runner? Try `npm i --save-dev @types/jest` or `npm i --save-dev @types/mocha`.
src/features/fortune/ui/__tests__/WheelOfFortune.test.tsx(22,29): error TS2708: Cannot use namespace 'jest' as a value.
src/features/fortune/ui/__tests__/WheelOfFortune.test.tsx(34,5): error TS2304: Cannot find name 'expect'.
src/features/member-management/libs/memberTable.tsx(28,33): error TS2322: Type '"disabled" | "success"' is not assignable to type '"default" | "black" | "white" | "primary" | "secondary" | "success" | "danger" | "warning" | "info" | "muted" | null | undefined'.
  Type '"disabled"' is not assignable to type '"default" | "black" | "white" | "primary" | "secondary" | "success" | "danger" | "warning" | "info" | "muted" | null | undefined'.
src/features/member-management/libs/memberTable.tsx(33,23): error TS2561: Object literal may only specify known properties, but '$weight' does not exist in type 'TypographyProps'. Did you mean to write 'weight'?
src/features/member-management/ui/MemberItem.tsx(2,10): error TS6133: 'Card' is declared but its value is never read.
src/features/member-management/ui/MemberItem.tsx(2,55): error TS6133: 'Box' is declared but its value is never read.
src/features/member-management/ui/MemberItem.tsx(6,1): error TS6133: 'cn' is declared but its value is never read.
src/features/member-management/ui/MemberItem.tsx(61,3): error TS6133: 'box' is declared but its value is never read.
src/features/member-management/ui/MemberItem.tsx(78,27): error TS2322: Type '"disabled" | "success"' is not assignable to type '"outline" | "primary" | "secondary" | "success" | "danger" | "warning" | "info" | "ghost" | null | undefined'.
  Type '"disabled"' is not assignable to type '"outline" | "primary" | "secondary" | "success" | "danger" | "warning" | "info" | "ghost" | null | undefined'.
src/features/member-management/ui/MemberItem.tsx(83,53): error TS2322: Type '"primary" | "disabled"' is not assignable to type '"default" | "black" | "white" | "primary" | "secondary" | "success" | "danger" | "warning" | "info" | "muted" | null | undefined'.
  Type '"disabled"' is not assignable to type '"default" | "black" | "white" | "primary" | "secondary" | "success" | "danger" | "warning" | "info" | "muted" | null | undefined'.
src/features/member-management/ui/MemberList.tsx(34,10): error TS2322: Type '{ children: ("" | Element | undefined)[]; $flex: true; direction: "column"; gap: "md"; width: "100%"; }' is not assignable to type 'IntrinsicAttributes & BoxProps & RefAttributes<HTMLElement>'.
  Property '$flex' does not exist on type 'IntrinsicAttributes & BoxProps & RefAttributes<HTMLElement>'. Did you mean 'flex'?
src/features/member-management/ui/MemberList.tsx(36,14): error TS2322: Type '{ children: Element[]; $flex: true; align: "center"; justify: "space-between"; px: "xs"; }' is not assignable to type 'IntrinsicAttributes & BoxProps & RefAttributes<HTMLElement>'.
  Property '$flex' does not exist on type 'IntrinsicAttributes & BoxProps & RefAttributes<HTMLElement>'. Did you mean 'flex'?
src/features/member-management/ui/MemberList.tsx(47,9): error TS2322: Type '{ children: Element; $grid: true; gridColumns: string; tabletGridColumns: string; desktopGridColumns: string; gap: "sm"; tabletGap: string; width: "100%"; }' is not assignable to type 'IntrinsicAttributes & BoxProps & RefAttributes<HTMLElement>'.
  Property '$grid' does not exist on type 'IntrinsicAttributes & BoxProps & RefAttributes<HTMLElement>'. Did you mean 'grid'?
src/features/member-management/ui/modals/MemberModal.tsx(58,50): error TS2322: Type '{ children: Element; isOpen: boolean; onClose: () => void; size: string; }' is not assignable to type 'IntrinsicAttributes & ModalProps'.
  Property 'size' does not exist on type 'IntrinsicAttributes & ModalProps'. Did you mean '$size'?
src/features/member-management/ui/modals/ModalConfirmRemoveMember.tsx(17,12): error TS2322: Type '{ children: Element[]; $flex: true; align: "flex-start"; gap: "md"; }' is not assignable to type 'IntrinsicAttributes & BoxProps & RefAttributes<HTMLElement>'.
  Property '$flex' does not exist on type 'IntrinsicAttributes & BoxProps & RefAttributes<HTMLElement>'. Did you mean 'flex'?
src/features/member-management/ui/modals/ModalConfirmRemoveMember.tsx(22,11): error TS2322: Type '"48px"' is not assignable to type '"auto" | "100%" | "full" | "half" | "200px" | "150px" | null | undefined'.
src/features/member-management/ui/modals/ModalConfirmRemoveMember.tsx(23,11): error TS2322: Type '"48px"' is not assignable to type '"auto" | "full" | "screen" | null | undefined'.
src/features/member-management/ui/modals/ModalConfirmRemoveMember.tsx(31,14): error TS2322: Type '{ children: Element[]; $flex: true; justify: "center"; direction: "column"; gap: "xs"; }' is not assignable to type 'IntrinsicAttributes & BoxProps & RefAttributes<HTMLElement>'.
  Property '$flex' does not exist on type 'IntrinsicAttributes & BoxProps & RefAttributes<HTMLElement>'. Did you mean 'flex'?
src/features/member-management/ui/modals/ModalConfirmRemoveMember.tsx(37,71): error TS2322: Type '{ children: string[]; size: "base"; weight: "semibold"; color: "primary"; $inline: true; }' is not assignable to type 'IntrinsicAttributes & TypographyProps & RefAttributes<HTMLElement>'.
  Property '$inline' does not exist on type 'IntrinsicAttributes & TypographyProps & RefAttributes<HTMLElement>'. Did you mean 'inline'?
src/features/room-management/ui/AddRoomCard.tsx(25,9): error TS2322: Type '{ children: Element; $interactive: true; padding: "lg"; shadow: "md"; rounded: "lg"; border: { color: string; width: string; style: string; }; onClick: () => void; }' is not assignable to type 'IntrinsicAttributes & CardProps'.
  Property '$interactive' does not exist on type 'IntrinsicAttributes & CardProps'. Did you mean 'interactive'?
src/features/room-management/ui/AddRoomCard.tsx(32,14): error TS2322: Type '{ children: Element[]; $flex: true; direction: "column"; justify: "space-between"; gap: "lg"; minHeight: string; $touchTargets: true; }' is not assignable to type 'IntrinsicAttributes & BoxProps & RefAttributes<HTMLElement>'.
  Property '$flex' does not exist on type 'IntrinsicAttributes & BoxProps & RefAttributes<HTMLElement>'. Did you mean 'flex'?
src/features/room-management/ui/AddRoomCard.tsx(34,16): error TS2322: Type '{ children: Element[]; $flex: true; direction: "column"; gap: "sm"; p: "sm"; }' is not assignable to type 'IntrinsicAttributes & BoxProps & RefAttributes<HTMLElement>'.
  Property '$flex' does not exist on type 'IntrinsicAttributes & BoxProps & RefAttributes<HTMLElement>'. Did you mean 'flex'?
src/features/room-management/ui/AddRoomCard.tsx(35,18): error TS2322: Type '{ children: Element[]; $flex: true; align: "center"; justify: "space-between"; }' is not assignable to type 'IntrinsicAttributes & BoxProps & RefAttributes<HTMLElement>'.
  Property '$flex' does not exist on type 'IntrinsicAttributes & BoxProps & RefAttributes<HTMLElement>'. Did you mean 'flex'?
src/features/room-management/ui/AddRoomCard.tsx(36,68): error TS2322: Type '{ children: string; size: "xl"; weight: "semibold"; color: "info"; $pointer: true; }' is not assignable to type 'IntrinsicAttributes & TypographyProps & RefAttributes<HTMLElement>'.
  Property '$pointer' does not exist on type 'IntrinsicAttributes & TypographyProps & RefAttributes<HTMLElement>'. Did you mean 'pointer'?
src/features/room-management/ui/AddRoomCard.tsx(42,49): error TS2322: Type '{ children: string; color: "muted"; size: "sm"; $pointer: true; }' is not assignable to type 'IntrinsicAttributes & TypographyProps & RefAttributes<HTMLElement>'.
  Property '$pointer' does not exist on type 'IntrinsicAttributes & TypographyProps & RefAttributes<HTMLElement>'. Did you mean 'pointer'?
src/features/room-management/ui/AddRoomCard.tsx(49,13): error TS2322: Type '{ children: Element; $flex: true; direction: "row"; tabletDirection: string; justify: "center"; gap: "sm"; pt: "sm"; style: { borderTop: string; }; }' is not assignable to type 'IntrinsicAttributes & BoxProps & RefAttributes<HTMLElement>'.
  Property '$flex' does not exist on type 'IntrinsicAttributes & BoxProps & RefAttributes<HTMLElement>'. Did you mean 'flex'?
src/features/room-management/ui/AddRoomCard.tsx(72,22): error TS2322: Type '{ children: Element[]; $flex: true; align: "center"; justify: "center"; gap: "xs"; }' is not assignable to type 'IntrinsicAttributes & BoxProps & RefAttributes<HTMLElement>'.
  Property '$flex' does not exist on type 'IntrinsicAttributes & BoxProps & RefAttributes<HTMLElement>'. Did you mean 'flex'?
src/features/room-management/ui/ModalConfirmRemoveRoom.tsx(16,73): error TS2322: Type '{ children: (string | Element)[]; size: "xl"; weight: "bold"; color: "danger"; align: "center"; $inline: true; $noWrap: true; }' is not assignable to type 'IntrinsicAttributes & TypographyProps & RefAttributes<HTMLElement>'.
  Property '$inline' does not exist on type 'IntrinsicAttributes & TypographyProps & RefAttributes<HTMLElement>'. Did you mean 'inline'?
src/features/room-management/ui/ModalConfirmRemoveRoom.tsx(18,61): error TS2322: Type '{ children: string[]; size: "xl"; weight: "bold"; color: "primary"; $inline: true; }' is not assignable to type 'IntrinsicAttributes & TypographyProps & RefAttributes<HTMLElement>'.
  Property '$inline' does not exist on type 'IntrinsicAttributes & TypographyProps & RefAttributes<HTMLElement>'. Did you mean 'inline'?
src/features/room-management/ui/ModalConfirmRemoveRoom.tsx(29,65): error TS2322: Type '{ children: string; size: "base"; weight: "semibold"; color: "white"; $pointer: true; }' is not assignable to type 'IntrinsicAttributes & TypographyProps & RefAttributes<HTMLElement>'.
  Property '$pointer' does not exist on type 'IntrinsicAttributes & TypographyProps & RefAttributes<HTMLElement>'. Did you mean 'pointer'?
src/features/room-management/ui/ModalConfirmRemoveRoom.tsx(36,65): error TS2322: Type '{ children: string; size: "base"; weight: "semibold"; color: "white"; $pointer: true; }' is not assignable to type 'IntrinsicAttributes & TypographyProps & RefAttributes<HTMLElement>'.
  Property '$pointer' does not exist on type 'IntrinsicAttributes & TypographyProps & RefAttributes<HTMLElement>'. Did you mean 'pointer'?
src/features/room-management/ui/RoomCardSkeleton.tsx(6,12): error TS2322: Type '{ children: Element[]; $flex: true; direction: "column"; justify: "space-between"; align: "center"; gap: "lg"; }' is not assignable to type 'IntrinsicAttributes & BoxProps & RefAttributes<HTMLElement>'.
  Property '$flex' does not exist on type 'IntrinsicAttributes & BoxProps & RefAttributes<HTMLElement>'. Did you mean 'flex'?
src/features/room-management/ui/RoomCardSkeleton.tsx(7,14): error TS2322: Type '{ children: Element[]; $flex: true; direction: "column"; align: "center"; gap: "sm"; p: "md"; width: "100%"; }' is not assignable to type 'IntrinsicAttributes & BoxProps & RefAttributes<HTMLElement>'.
  Property '$flex' does not exist on type 'IntrinsicAttributes & BoxProps & RefAttributes<HTMLElement>'. Did you mean 'flex'?
src/features/room-management/ui/RoomCardSkeleton.tsx(8,21): error TS2322: Type '{ width: string; height: string; rounded: "md"; }' is not assignable to type 'IntrinsicAttributes & SkeletonProps'.
  Property 'width' does not exist on type 'IntrinsicAttributes & SkeletonProps'. Did you mean '$width'?
src/features/room-management/ui/RoomCardSkeleton.tsx(9,21): error TS2322: Type '{ width: string; height: string; rounded: "sm"; }' is not assignable to type 'IntrinsicAttributes & SkeletonProps'.
  Property 'width' does not exist on type 'IntrinsicAttributes & SkeletonProps'. Did you mean '$width'?
src/features/room-management/ui/RoomCardSkeleton.tsx(11,14): error TS2322: Type '{ children: Element[]; $flex: true; justify: "center"; gap: "lg"; width: "100%"; }' is not assignable to type 'IntrinsicAttributes & BoxProps & RefAttributes<HTMLElement>'.
  Property '$flex' does not exist on type 'IntrinsicAttributes & BoxProps & RefAttributes<HTMLElement>'. Did you mean 'flex'?
src/features/room-management/ui/RoomCardSkeleton.tsx(12,21): error TS2322: Type '{ width: string; height: string; rounded: "md"; }' is not assignable to type 'IntrinsicAttributes & SkeletonProps'.
  Property 'width' does not exist on type 'IntrinsicAttributes & SkeletonProps'. Did you mean '$width'?
src/features/room-management/ui/RoomCardSkeleton.tsx(13,21): error TS2322: Type '{ width: string; height: string; rounded: "md"; }' is not assignable to type 'IntrinsicAttributes & SkeletonProps'.
  Property 'width' does not exist on type 'IntrinsicAttributes & SkeletonProps'. Did you mean '$width'?
src/features/room-management/ui/RoomGrid.tsx(11,7): error TS2322: Type '{ children: ReactNode; $grid: true; gridColumns: string; tabletGridColumns: string; desktopGridColumns: string; gap: "md"; tabletGap: string; desktopGap: string; p: "md"; tabletP: string; desktopP: string; width: "100%"; maxWidth: string; style: { ...; }; }' is not assignable to type 'IntrinsicAttributes & BoxProps & RefAttributes<HTMLElement>'.
  Property '$grid' does not exist on type 'IntrinsicAttributes & BoxProps & RefAttributes<HTMLElement>'. Did you mean 'grid'?
src/features/room-management/ui/RoomManagement.tsx(67,12): error TS2322: Type '{ children: Element; $flex: true; justify: "center"; align: "center"; p: "xl"; }' is not assignable to type 'IntrinsicAttributes & BoxProps & RefAttributes<HTMLElement>'.
  Property '$flex' does not exist on type 'IntrinsicAttributes & BoxProps & RefAttributes<HTMLElement>'. Did you mean 'flex'?
src/features/room-management/ui/RoomManagement.tsx(74,10): error TS2322: Type '{ children: (Element | undefined)[]; $flex: true; direction: "column"; align: "center"; gap: "xl"; p: "lg"; minHeight: string; }' is not assignable to type 'IntrinsicAttributes & BoxProps & RefAttributes<HTMLElement>'.
  Property '$flex' does not exist on type 'IntrinsicAttributes & BoxProps & RefAttributes<HTMLElement>'. Did you mean 'flex'?
src/features/room-management/ui/RoomManagement.tsx(77,9): error TS2322: Type 'keyof Color' is not assignable to type 'AlertType | undefined'.
  Type '"hover"' is not assignable to type 'AlertType | undefined'.
src/features/room-management/ui/RoomManagement.tsx(83,12): error TS2322: Type '{ children: Element; $flex: true; justify: "center"; align: "center"; gap: "lg"; }' is not assignable to type 'IntrinsicAttributes & BoxProps & RefAttributes<HTMLElement>'.
  Property '$flex' does not exist on type 'IntrinsicAttributes & BoxProps & RefAttributes<HTMLElement>'. Did you mean 'flex'?
src/features/room-management/ui/RoomModal.tsx(38,12): error TS2322: Type '{ children: Element[]; $flex: true; direction: "column"; justify: "center"; align: "center"; p: "sm"; gap: "sm"; }' is not assignable to type 'IntrinsicAttributes & BoxProps & RefAttributes<HTMLElement>'.
  Property '$flex' does not exist on type 'IntrinsicAttributes & BoxProps & RefAttributes<HTMLElement>'. Did you mean 'flex'?
src/features/room-management/ui/RoomModal.tsx(43,16): error TS2322: Type '{ children: Element[]; $flex: true; direction: "column"; justify: "center"; align: "center"; gap: "md"; }' is not assignable to type 'IntrinsicAttributes & BoxProps & RefAttributes<HTMLElement>'.
  Property '$flex' does not exist on type 'IntrinsicAttributes & BoxProps & RefAttributes<HTMLElement>'. Did you mean 'flex'?
src/pages/Home/ui/Home.tsx(19,36): error TS2322: Type '{ children: Element[]; maxWidth: "1200px"; $centered: true; px: "lg"; }' is not assignable to type 'IntrinsicAttributes & ContainerProps'.
  Property '$centered' does not exist on type 'IntrinsicAttributes & ContainerProps'. Did you mean 'centered'?
src/pages/Home/ui/Home.tsx(44,11): error TS2322: Type 'keyof Color' is not assignable to type 'AlertType | undefined'.
  Type '"hover"' is not assignable to type 'AlertType | undefined'.
src/pages/JoinQuizeGame/ui/JoinQuizeGame/JoinQuizeGame.tsx(1,33): error TS6133: 'Box' is declared but its value is never read.
src/pages/JoinQuizeGame/ui/JoinQuizeGame/JoinQuizeGame.tsx(58,35): error TS2322: Type '{ children: (string | false | Element)[]; type: "submit"; $fullWidth: true; size: "lg"; disabled: boolean; }' is not assignable to type 'IntrinsicAttributes & ButtonProps & RefAttributes<HTMLButtonElement>'.
  Property '$fullWidth' does not exist on type 'IntrinsicAttributes & ButtonProps & RefAttributes<HTMLButtonElement>'. Did you mean 'fullWidth'?
src/pages/Lobby/ui/QRCodeCard/QRCodeCard.tsx(41,39): error TS2322: Type '{ children: (string | Element)[]; variant: "secondary"; $fullWidth: true; onClick: () => void; }' is not assignable to type 'IntrinsicAttributes & ButtonProps & RefAttributes<HTMLButtonElement>'.
  Property '$fullWidth' does not exist on type 'IntrinsicAttributes & ButtonProps & RefAttributes<HTMLButtonElement>'. Did you mean 'fullWidth'?
src/pages/PlayerScreen/ui/ResultView/ResultView.tsx(1,33): error TS6133: 'Box' is declared but its value is never read.
src/pages/PlayerScreen/ui/WaitingView/WaitingView.tsx(1,33): error TS6133: 'Box' is declared but its value is never read.
src/pages/Room/ui/RoomPage.tsx(1,1): error TS6133: 'RoomMember' is declared but its value is never read.
src/pages/Room/ui/RoomPage.tsx(63,13): error TS2322: Type '{ children: Element[]; $flex: true; direction: "column"; gap: "lg"; grid: false; tabletDisplay: string; gridColumns: string; tabletGap: string; desktopGridColumns: string; role: "main"; }' is not assignable to type 'IntrinsicAttributes & BoxProps & RefAttributes<HTMLElement>'.
  Property '$flex' does not exist on type 'IntrinsicAttributes & BoxProps & RefAttributes<HTMLElement>'. Did you mean 'flex'?
src/pages/Room/ui/RoomPage.tsx(109,13): error TS2322: Type 'keyof Color' is not assignable to type 'AlertType | undefined'.
  Type '"hover"' is not assignable to type 'AlertType | undefined'.
src/pages/Room/ui/RoomPage.tsx(116,13): error TS2322: Type 'keyof Color' is not assignable to type 'AlertType | undefined'.
  Type '"hover"' is not assignable to type 'AlertType | undefined'.
src/pages/Room/ui/components/FortuneHistoryTable.tsx(38,14): error TS2322: Type '{ children: Element; $flex: true; justify: "center"; direction: "column"; gap: "sm"; }' is not assignable to type 'IntrinsicAttributes & BoxProps & RefAttributes<HTMLElement>'.
  Property '$flex' does not exist on type 'IntrinsicAttributes & BoxProps & RefAttributes<HTMLElement>'. Did you mean 'flex'?
src/pages/Room/ui/components/FortuneHistoryTable.tsx(55,14): error TS2322: Type '{ children: Element; $flex: true; justify: "center"; direction: "column"; gap: "sm"; }' is not assignable to type 'IntrinsicAttributes & BoxProps & RefAttributes<HTMLElement>'.
  Property '$flex' does not exist on type 'IntrinsicAttributes & BoxProps & RefAttributes<HTMLElement>'. Did you mean 'flex'?
src/pages/Room/ui/components/FortuneHistoryTable.tsx(72,14): error TS2322: Type '{ children: Element; $flex: true; justify: "center"; direction: "column"; gap: "sm"; }' is not assignable to type 'IntrinsicAttributes & BoxProps & RefAttributes<HTMLElement>'.
  Property '$flex' does not exist on type 'IntrinsicAttributes & BoxProps & RefAttributes<HTMLElement>'. Did you mean 'flex'?
src/pages/Room/ui/components/FortuneHistoryTable.tsx(88,12): error TS2322: Type '{ children: Element; $flex: true; direction: "column"; gap: "md"; }' is not assignable to type 'IntrinsicAttributes & BoxProps & RefAttributes<HTMLElement>'.
  Property '$flex' does not exist on type 'IntrinsicAttributes & BoxProps & RefAttributes<HTMLElement>'. Did you mean 'flex'?
src/pages/Room/ui/components/FortuneHistoryTable.tsx(105,17): error TS2322: Type '{ children: Element; padding: "md"; $interactive: true; rounded: "md"; shadow: "sm"; border: { width: string; color: string; style: string; }; }' is not assignable to type 'IntrinsicAttributes & CardProps'.
  Property '$interactive' does not exist on type 'IntrinsicAttributes & CardProps'. Did you mean 'interactive'?
src/pages/Room/ui/components/FortuneHistoryTable.tsx(110,22): error TS2322: Type '{ children: Element[]; $flex: true; align: "center"; gap: "md"; }' is not assignable to type 'IntrinsicAttributes & BoxProps & RefAttributes<HTMLElement>'.
  Property '$flex' does not exist on type 'IntrinsicAttributes & BoxProps & RefAttributes<HTMLElement>'. Did you mean 'flex'?
src/pages/Room/ui/components/FortuneHistoryTable.tsx(113,24): error TS2322: Type '{ children: Element[]; $flex: true; direction: "column"; gap: "xs"; style: { flex: number; }; }' is not assignable to type 'IntrinsicAttributes & BoxProps & RefAttributes<HTMLElement>'.
  Property '$flex' does not exist on type 'IntrinsicAttributes & BoxProps & RefAttributes<HTMLElement>'. Did you mean 'flex'?
src/pages/Room/ui/components/FortuneHistoryTable.tsx(122,79): error TS2322: Type '{ children: string; size: "lg"; color: "success"; weight: "semibold"; $pointer: true; }' is not assignable to type 'IntrinsicAttributes & TypographyProps & RefAttributes<HTMLElement>'.
  Property '$pointer' does not exist on type 'IntrinsicAttributes & TypographyProps & RefAttributes<HTMLElement>'. Did you mean 'pointer'?
src/pages/Room/ui/components/FortuneHistoryTable.tsx(126,26): error TS2322: Type '{ children: Element; $flex: true; direction: "column"; style: { gap: string; }; }' is not assignable to type 'IntrinsicAttributes & BoxProps & RefAttributes<HTMLElement>'.
  Property '$flex' does not exist on type 'IntrinsicAttributes & BoxProps & RefAttributes<HTMLElement>'. Did you mean 'flex'?
src/pages/Room/ui/components/FortuneHistoryTable.tsx(135,30): error TS2322: Type '{ children: Element[]; $flex: true; align: "center"; gap: "xs"; }' is not assignable to type 'IntrinsicAttributes & BoxProps & RefAttributes<HTMLElement>'.
  Property '$flex' does not exist on type 'IntrinsicAttributes & BoxProps & RefAttributes<HTMLElement>'. Did you mean 'flex'?
src/pages/Room/ui/components/FortuneHistoryTable.tsx(141,65): error TS2322: Type '{ children: string; size: "base"; color: "muted"; $pointer: true; }' is not assignable to type 'IntrinsicAttributes & TypographyProps & RefAttributes<HTMLElement>'.
  Property '$pointer' does not exist on type 'IntrinsicAttributes & TypographyProps & RefAttributes<HTMLElement>'. Did you mean 'pointer'?
src/pages/Room/ui/components/HistorySection.tsx(14,7): error TS2322: Type '{ children: Element[]; as: "section"; $flex: true; direction: "column"; bg: "secondary"; radius: "lg"; shadow: "sm"; overflow: string; display: "none" | "flex"; tabletDisplay: string; id: string; "aria-labelledby": string; style: { ...; }; }' is not assignable to type 'IntrinsicAttributes & BoxProps & RefAttributes<HTMLElement>'.
  Property '$flex' does not exist on type 'IntrinsicAttributes & BoxProps & RefAttributes<HTMLElement>'. Did you mean 'flex'?
src/pages/Room/ui/components/HistorySection.tsx(29,24): error TS2322: Type '{ children: Element; as: "header"; $flex: true; align: "center"; justify: "center"; p: "md"; px: "lg"; bg: "elevated"; }' is not assignable to type 'IntrinsicAttributes & BoxProps & RefAttributes<HTMLElement>'.
  Property '$flex' does not exist on type 'IntrinsicAttributes & BoxProps & RefAttributes<HTMLElement>'. Did you mean 'flex'?
src/pages/Room/ui/components/MembersModal.tsx(21,69): error TS2322: Type '{ children: Element; isOpen: boolean; onClose: () => void; title: string; size: string; }' is not assignable to type 'IntrinsicAttributes & ModalProps'.
  Property 'size' does not exist on type 'IntrinsicAttributes & ModalProps'. Did you mean '$size'?
src/pages/Room/ui/components/MobileNavigation.tsx(4,1): error TS6133: 'cn' is declared but its value is never read.
src/pages/Room/ui/components/MobileNavigation.tsx(38,55): error TS2322: Type '"inherit" | "white"' is not assignable to type '"default" | "black" | "white" | "primary" | "secondary" | "success" | "danger" | "warning" | "info" | "muted" | null | undefined'.
  Type '"inherit"' is not assignable to type '"default" | "black" | "white" | "primary" | "secondary" | "success" | "danger" | "warning" | "info" | "muted" | null | undefined'.
src/pages/Room/ui/components/MobileNavigation.tsx(44,47): error TS2322: Type '{ children: string; size: "sm"; weight: "medium"; $inline: true; }' is not assignable to type 'IntrinsicAttributes & TypographyProps & RefAttributes<HTMLElement>'.
  Property '$inline' does not exist on type 'IntrinsicAttributes & TypographyProps & RefAttributes<HTMLElement>'. Did you mean 'inline'?
src/pages/Room/ui/components/MobileNavigation.tsx(57,11): error TS2322: Type '"inherit" | "white"' is not assignable to type '"default" | "black" | "white" | "primary" | "secondary" | "success" | "danger" | "warning" | "info" | "muted" | null | undefined'.
  Type '"inherit"' is not assignable to type '"default" | "black" | "white" | "primary" | "secondary" | "success" | "danger" | "warning" | "info" | "muted" | null | undefined'.
src/shared/ui/Card/Card.tsx(71,6): error TS2322: Type '{ children: ReactNode; hidden?: boolean | undefined; slot?: string | undefined; style?: CSSProperties | MotionStyle | undefined; title?: string | undefined; ... 331 more ...; ignoreStrict?: boolean | undefined; }' is not assignable to type 'HTMLAttributes<HTMLDivElement>'.
  Types of property 'style' are incompatible.
    Type 'CSSProperties | MotionStyle | undefined' is not assignable to type 'CSSProperties | undefined'.
      Type 'MotionStyle' is not assignable to type 'CSSProperties | undefined'.
        Type 'MotionStyle' is not assignable to type 'CSSProperties'.
          Types of property 'accentColor' are incompatible.
            Type 'MotionValue<number> | MotionValue<string> | MotionValue<any> | AccentColor | undefined' is not assignable to type 'AccentColor | undefined'.
              Type 'MotionValue<number>' is not assignable to type 'AccentColor | undefined'.
src/shared/ui/DataBoundary/DataBoundary.tsx(23,12): error TS2322: Type '{ children: Element; $flex: true; justify: "center"; align: "center"; gap: "xl"; p: "lg"; }' is not assignable to type 'IntrinsicAttributes & BoxProps & RefAttributes<HTMLElement>'.
  Property '$flex' does not exist on type 'IntrinsicAttributes & BoxProps & RefAttributes<HTMLElement>'. Did you mean 'flex'?
src/shared/ui/DataBoundary/DataBoundary.tsx(31,12): error TS2322: Type '{ children: Element; $flex: true; justify: "center"; align: "center"; gap: "xl"; p: "lg"; }' is not assignable to type 'IntrinsicAttributes & BoxProps & RefAttributes<HTMLElement>'.
  Property '$flex' does not exist on type 'IntrinsicAttributes & BoxProps & RefAttributes<HTMLElement>'. Did you mean 'flex'?
src/shared/ui/EmptyState/EmptyState.tsx(17,10): error TS2322: Type '{ children: (false | "" | 0 | 0n | Element | null | undefined)[]; $flex: true; direction: "column"; align: "center"; justify: "center"; gap: "lg"; p: "xl"; minHeight: string; }' is not assignable to type 'IntrinsicAttributes & BoxProps & RefAttributes<HTMLElement>'.
  Property '$flex' does not exist on type 'IntrinsicAttributes & BoxProps & RefAttributes<HTMLElement>'. Did you mean 'flex'?
src/shared/ui/EmptyState/EmptyState.tsx(19,14): error TS2322: Type '{ children: string | number | bigint | true | ReactElement<unknown, string | JSXElementConstructor<any>> | Iterable<ReactNode> | ReactPortal | Promise<...>; $flex: true; align: "center"; justify: "center"; mb: "sm"; }' is not assignable to type 'IntrinsicAttributes & BoxProps & RefAttributes<HTMLElement>'.
  Property '$flex' does not exist on type 'IntrinsicAttributes & BoxProps & RefAttributes<HTMLElement>'. Did you mean 'flex'?
src/shared/ui/EmptyState/EmptyState.tsx(24,12): error TS2322: Type '{ children: Element[]; $flex: true; direction: "column"; align: "center"; gap: "sm"; maxWidth: string; }' is not assignable to type 'IntrinsicAttributes & BoxProps & RefAttributes<HTMLElement>'.
  Property '$flex' does not exist on type 'IntrinsicAttributes & BoxProps & RefAttributes<HTMLElement>'. Did you mean 'flex'?
src/shared/ui/EmptyState/EmptyState.tsx(36,18): error TS2322: Type '{ children: Element[]; $flex: true; align: "center"; gap: "sm"; }' is not assignable to type 'IntrinsicAttributes & BoxProps & RefAttributes<HTMLElement>'.
  Property '$flex' does not exist on type 'IntrinsicAttributes & BoxProps & RefAttributes<HTMLElement>'. Did you mean 'flex'?
src/shared/ui/Modal/Modal.tsx(129,22): error TS2741: Property 'children' is missing in type '{}' but required in type 'TypographyProps'.
src/shared/ui/ModalConfirm/ModalConfirm.tsx(26,12): error TS2322: Type '{ children: (string | number | bigint | boolean | ReactElement<unknown, string | JSXElementConstructor<any>> | Iterable<ReactNode> | ... 4 more ... | undefined)[]; $flex: true; direction: "column"; align: "center"; gap: "lg"; }' is not assignable to type 'IntrinsicAttributes & BoxProps & RefAttributes<HTMLElement>'.
  Property '$flex' does not exist on type 'IntrinsicAttributes & BoxProps & RefAttributes<HTMLElement>'. Did you mean 'flex'?
src/shared/ui/ModalConfirm/ModalConfirm.tsx(34,14): error TS2322: Type '{ children: ReactNode[]; $flex: true; justify: "center"; gap: "md"; }' is not assignable to type 'IntrinsicAttributes & BoxProps & RefAttributes<HTMLElement>'.
  Property '$flex' does not exist on type 'IntrinsicAttributes & BoxProps & RefAttributes<HTMLElement>'. Did you mean 'flex'?
src/shared/ui/MotionDemo/MotionDemo.tsx(48,12): error TS2322: Type '{ children: (false | Element)[]; $flex: true; direction: "column"; gap: "md"; align: "center"; }' is not assignable to type 'IntrinsicAttributes & BoxProps & RefAttributes<HTMLElement>'.
  Property '$flex' does not exist on type 'IntrinsicAttributes & BoxProps & RefAttributes<HTMLElement>'. Did you mean 'flex'?
src/shared/ui/MotionDemo/MotionDemo.tsx(59,20): error TS2322: Type '{ children: Element[]; $flex: true; gap: "sm"; justify: "center"; pt: "md"; }' is not assignable to type 'IntrinsicAttributes & BoxProps & RefAttributes<HTMLElement>'.
  Property '$flex' does not exist on type 'IntrinsicAttributes & BoxProps & RefAttributes<HTMLElement>'. Did you mean 'flex'?
src/shared/ui/SkipLinks/SkipLinks.tsx(1,20): error TS6133: 'VariantProps' is declared but its value is never read.
src/shared/ui/__tests__/Button.visual.test.tsx(59,31): error TS2322: Type '{ children: string; $loading: true; }' is not assignable to type 'IntrinsicAttributes & ButtonProps & RefAttributes<HTMLButtonElement>'.
  Property '$loading' does not exist on type 'IntrinsicAttributes & ButtonProps & RefAttributes<HTMLButtonElement>'. Did you mean 'loading'?
